single m= 1  1.00000 +-0.00000
single m= 2  1.74997 +-0.00013
single m= 3  2.31237 +-0.00019
single m= 4  2.73254 +-0.00020
single m= 5  3.04650 +-0.00024
single m= 6  3.28108 +-0.00022
single m= 7  3.45703 +-0.00021
single m= 8  3.58862 +-0.00020
single m= 9  3.68726 +-0.00019
single m=10  3.76055 +-0.00022
dual   m= 1  1.00000 +-0.00000
dual   m= 2  1.88863 +-0.00007
dual   m= 3  2.59691 +-0.00016
dual   m= 4  3.10499 +-0.00018
dual   m= 5  3.44006 +-0.00018
dual   m= 6  3.64601 +-0.00024
dual   m= 7  3.77388 +-0.00028
dual   m= 8  3.84928 +-0.00033
dual   m= 9  3.89547 +-0.00035
dual   m=10  3.92348 +-0.00038

  m  single stag  single exact   dual stag  util single  util dual  marginal s  marginal d
  1      1.00000       1.00000     1.00000        25.0%      25.0%      1.0000      1.0000
  2      1.74997       1.75000     1.88863        43.7%      47.2%      0.7500      0.8886
  3      2.31237       2.26923     2.59691        57.8%      64.9%      0.5624      0.7083
  4      2.73254       2.62097     3.10499        68.3%      77.6%      0.4202      0.5081
  5      3.04650       2.86334     3.44006        76.2%      86.0%      0.3140      0.3351
  6      3.28108       3.03701     3.64601        82.0%      91.2%      0.2346      0.2060
  7      3.45703       3.16626     3.77388        86.4%      94.3%      0.1760      0.1279
  8      3.58862       3.26570     3.84928        89.7%      96.2%      0.1316      0.0754
  9      3.68726       3.34436     3.89547        92.2%      97.4%      0.0986      0.0462
 10      3.76055       3.40804     3.92348        94.0%      98.1%      0.0733      0.0280
