single B=0   common    L=  24  2.62087 +-0.00028
single B=0   common    L=  32  2.62087 +-0.00028
single B=0   common    L=  40  2.62090 +-0.00028
single B=0   common    L=  56  2.62090 +-0.00029
single B=0   common    L=  72  2.62071 +-0.00029
single B=0   common    L= 100  2.62089 +-0.00034
single B=0   common    L= 140  2.62105 +-0.00029
single B=0   common    L= 200  2.62100 +-0.00029
single B=0   staggered L=  24  2.73254 +-0.00020
single B=0   staggered L=  32  2.73244 +-0.00024
single B=0   staggered L=  40  2.73252 +-0.00022
single B=0   staggered L=  56  2.73273 +-0.00021
single B=0   staggered L=  72  2.73246 +-0.00017
single B=0   staggered L= 100  2.73261 +-0.00022
single B=0   staggered L= 140  2.73236 +-0.00018
single B=0   staggered L= 200  2.73258 +-0.00027
single B=5   common    L=  24  3.61326 +-0.00036
single B=5   common    L=  32  3.61851 +-0.00032
single B=5   common    L=  40  3.62085 +-0.00031
single B=5   common    L=  56  3.62197 +-0.00029
single B=5   common    L=  72  3.62219 +-0.00021
single B=5   common    L= 100  3.62183 +-0.00027
single B=5   common    L= 140  3.62217 +-0.00027
single B=5   common    L= 200  3.62197 +-0.00029
single B=5   staggered L=  24  3.61600 +-0.00032
single B=5   staggered L=  32  3.62085 +-0.00021
single B=5   staggered L=  40  3.62250 +-0.00030
single B=5   staggered L=  56  3.62342 +-0.00025
single B=5   staggered L=  72  3.62356 +-0.00028
single B=5   staggered L= 100  3.62342 +-0.00028
single B=5   staggered L= 140  3.62364 +-0.00026
single B=5   staggered L= 200  3.62387 +-0.00034
single B=10  common    L=  24  3.74697 +-0.00040
single B=10  common    L=  32  3.76014 +-0.00053
single B=10  common    L=  40  3.76902 +-0.00041
single B=10  common    L=  56  3.77991 +-0.00039
single B=10  common    L=  72  3.78556 +-0.00028
single B=10  common    L= 100  3.79031 +-0.00027
single B=10  common    L= 140  3.79239 +-0.00032
single B=10  common    L= 200  3.79289 +-0.00029
single B=10  staggered L=  24  3.75027 +-0.00043
single B=10  staggered L=  32  3.76211 +-0.00042
single B=10  staggered L=  40  3.77075 +-0.00025
single B=10  staggered L=  56  3.78075 +-0.00033
single B=10  staggered L=  72  3.78633 +-0.00032
single B=10  staggered L= 100  3.79053 +-0.00032
single B=10  staggered L= 140  3.79269 +-0.00027
single B=10  staggered L= 200  3.79311 +-0.00030
dual   B=0   common    L=  24  3.02762 +-0.00020
dual   B=0   common    L=  32  3.03176 +-0.00023
dual   B=0   common    L=  40  3.03464 +-0.00024
dual   B=0   common    L=  56  3.03479 +-0.00024
dual   B=0   common    L=  72  3.03485 +-0.00026
dual   B=0   common    L= 100  3.03514 +-0.00016
dual   B=0   common    L= 140  3.03510 +-0.00021
dual   B=0   common    L= 200  3.03539 +-0.00020
dual   B=0   staggered L=  24  3.10499 +-0.00018
dual   B=0   staggered L=  32  3.10627 +-0.00020
dual   B=0   staggered L=  40  3.10698 +-0.00018
dual   B=0   staggered L=  56  3.10784 +-0.00017
dual   B=0   staggered L=  72  3.10792 +-0.00021
dual   B=0   staggered L= 100  3.10800 +-0.00023
dual   B=0   staggered L= 140  3.10804 +-0.00020
dual   B=0   staggered L= 200  3.10807 +-0.00016
dual   B=5   common    L=  24  3.68375 +-0.00032
dual   B=5   common    L=  32  3.70572 +-0.00035
dual   B=5   common    L=  40  3.71864 +-0.00030
dual   B=5   common    L=  56  3.73188 +-0.00030
dual   B=5   common    L=  72  3.73668 +-0.00026
dual   B=5   common    L= 100  3.73893 +-0.00024
dual   B=5   common    L= 140  3.73941 +-0.00024
dual   B=5   common    L= 200  3.73936 +-0.00023
dual   B=5   staggered L=  24  3.69067 +-0.00038
dual   B=5   staggered L=  32  3.70977 +-0.00035
dual   B=5   staggered L=  40  3.72173 +-0.00034
dual   B=5   staggered L=  56  3.73394 +-0.00026
dual   B=5   staggered L=  72  3.73843 +-0.00030
dual   B=5   staggered L= 100  3.74047 +-0.00025
dual   B=5   staggered L= 140  3.74103 +-0.00018
dual   B=5   staggered L= 200  3.74097 +-0.00028
dual   B=10  common    L=  24  3.76838 +-0.00047
dual   B=10  common    L=  32  3.78532 +-0.00048
dual   B=10  common    L=  40  3.79780 +-0.00042
dual   B=10  common    L=  56  3.81501 +-0.00040
dual   B=10  common    L=  72  3.82630 +-0.00036
dual   B=10  common    L= 100  3.83830 +-0.00032
dual   B=10  common    L= 140  3.84636 +-0.00036
dual   B=10  common    L= 200  3.85048 +-0.00033
dual   B=10  staggered L=  24  3.77325 +-0.00044
dual   B=10  staggered L=  32  3.78871 +-0.00053
dual   B=10  staggered L=  40  3.80033 +-0.00039
dual   B=10  staggered L=  56  3.81680 +-0.00043
dual   B=10  staggered L=  72  3.82757 +-0.00038
dual   B=10  staggered L= 100  3.83913 +-0.00032
dual   B=10  staggered L= 140  3.84709 +-0.00032
dual   B=10  staggered L= 200  3.85087 +-0.00029
wrote results/loops_buffered.tex

mechanism  budget      L             common          staggered   gain %
single     B=0        24     2.62087+-0.00028     2.73254+-0.00020    4.26*
single     B=0        32     2.62087+-0.00028     2.73244+-0.00024    4.26*
single     B=0        40     2.62090+-0.00028     2.73252+-0.00022    4.26*
single     B=0        56     2.62090+-0.00029     2.73273+-0.00021    4.27*
single     B=0        72     2.62071+-0.00029     2.73246+-0.00017    4.26*
single     B=0       100     2.62089+-0.00034     2.73261+-0.00022    4.26*
single     B=0       140     2.62105+-0.00029     2.73236+-0.00018    4.25*
single     B=0       200     2.62100+-0.00029     2.73258+-0.00027    4.26*
single     B=5        24     3.61326+-0.00036     3.61600+-0.00032    0.08*
single     B=5        32     3.61851+-0.00032     3.62085+-0.00021    0.06*
single     B=5        40     3.62085+-0.00031     3.62250+-0.00030    0.05*
single     B=5        56     3.62197+-0.00029     3.62342+-0.00025    0.04*
single     B=5        72     3.62219+-0.00021     3.62356+-0.00028    0.04*
single     B=5       100     3.62183+-0.00027     3.62342+-0.00028    0.04*
single     B=5       140     3.62217+-0.00027     3.62364+-0.00026    0.04*
single     B=5       200     3.62197+-0.00029     3.62387+-0.00034    0.05*
single     B=10       24     3.74697+-0.00040     3.75027+-0.00043    0.09*
single     B=10       32     3.76014+-0.00053     3.76211+-0.00042    0.05*
single     B=10       40     3.76902+-0.00041     3.77075+-0.00025    0.05*
single     B=10       56     3.77991+-0.00039     3.78075+-0.00033    0.02*
single     B=10       72     3.78556+-0.00028     3.78633+-0.00032    0.02*
single     B=10      100     3.79031+-0.00027     3.79053+-0.00032    0.01 
single     B=10      140     3.79239+-0.00032     3.79269+-0.00027    0.01 
single     B=10      200     3.79289+-0.00029     3.79311+-0.00030    0.01 
dual       B=0        24     3.02762+-0.00020     3.10499+-0.00018    2.56*
dual       B=0        32     3.03176+-0.00023     3.10627+-0.00020    2.46*
dual       B=0        40     3.03464+-0.00024     3.10698+-0.00018    2.38*
dual       B=0        56     3.03479+-0.00024     3.10784+-0.00017    2.41*
dual       B=0        72     3.03485+-0.00026     3.10792+-0.00021    2.41*
dual       B=0       100     3.03514+-0.00016     3.10800+-0.00023    2.40*
dual       B=0       140     3.03510+-0.00021     3.10804+-0.00020    2.40*
dual       B=0       200     3.03539+-0.00020     3.10807+-0.00016    2.39*
dual       B=5        24     3.68375+-0.00032     3.69067+-0.00038    0.19*
dual       B=5        32     3.70572+-0.00035     3.70977+-0.00035    0.11*
dual       B=5        40     3.71864+-0.00030     3.72173+-0.00034    0.08*
dual       B=5        56     3.73188+-0.00030     3.73394+-0.00026    0.06*
dual       B=5        72     3.73668+-0.00026     3.73843+-0.00030    0.05*
dual       B=5       100     3.73893+-0.00024     3.74047+-0.00025    0.04*
dual       B=5       140     3.73941+-0.00024     3.74103+-0.00018    0.04*
dual       B=5       200     3.73936+-0.00023     3.74097+-0.00028    0.04*
dual       B=10       24     3.76838+-0.00047     3.77325+-0.00044    0.13*
dual       B=10       32     3.78532+-0.00048     3.78871+-0.00053    0.09*
dual       B=10       40     3.79780+-0.00042     3.80033+-0.00039    0.07*
dual       B=10       56     3.81501+-0.00040     3.81680+-0.00043    0.05*
dual       B=10       72     3.82630+-0.00036     3.82757+-0.00038    0.03*
dual       B=10      100     3.83830+-0.00032     3.83913+-0.00032    0.02*
dual       B=10      140     3.84636+-0.00036     3.84709+-0.00032    0.02*
dual       B=10      200     3.85048+-0.00033     3.85087+-0.00029    0.01 

* the difference between common and staggered exceeds a 95% interval

largest half-width over the simulated entries: 0.00053
warm-up used: [20000], 30 replications of 1330000 steps
exact single-drop unbuffered value 325/124 = 2.620968; simulated at the eight lengths anyway, largest deviation 0.00026

staggering gain, smallest and largest over L (percent):
  single B=0     4.25 to   4.27   (at L=200: 4.26)
  single B=5     0.04 to   0.08   (at L=200: 0.05)
  single B=10    0.01 to   0.09   (at L=200: 0.01)
  dual   B=0     2.38 to   2.56   (at L=200: 2.39)
  dual   B=5     0.04 to   0.19   (at L=200: 0.04)
  dual   B=10    0.01 to   0.13   (at L=200: 0.01)

value of lengthening the loop from 24 to 200 (percent):
  single B=0   common    2.6209 -> 2.6210   0.01
  single B=0   staggered 2.7325 -> 2.7326   0.00
  single B=5   common    3.6133 -> 3.6220   0.24
  single B=5   staggered 3.6160 -> 3.6239   0.22
  single B=10  common    3.7470 -> 3.7929   1.23
  single B=10  staggered 3.7503 -> 3.7931   1.14
  dual   B=0   common    3.0276 -> 3.0354   0.26
  dual   B=0   staggered 3.1050 -> 3.1081   0.10
  dual   B=5   common    3.6838 -> 3.7394   1.51
  dual   B=5   staggered 3.6907 -> 3.7410   1.36
  dual   B=10  common    3.7684 -> 3.8505   2.18
  dual   B=10  staggered 3.7732 -> 3.8509   2.06
