panel (a): exact, single-drop, identical loop lengths
panel (b): simulated, dual-drop, identical loop lengths
  n=4 m=4  3.02762 +-0.00020   [1/36]
  n=4 m=5  3.31540 +-0.00025   [2/36]
  n=4 m=6  3.49500 +-0.00028   [3/36]
  n=4 m=7  3.61076 +-0.00033   [4/36]
  n=4 m=8  3.68887 +-0.00038   [5/36]
  n=4 m=9  3.74389 +-0.00041   [6/36]
  n=5 m=4  3.30065 +-0.00024   [7/36]
  n=5 m=5  3.72836 +-0.00031   [8/36]
  n=5 m=6  4.02530 +-0.00036   [9/36]
  n=5 m=7  4.23179 +-0.00035   [10/36]
  n=5 m=8  4.37824 +-0.00038   [11/36]
  n=5 m=9  4.48472 +-0.00043   [12/36]
  n=6 m=4  3.49111 +-0.00020   [13/36]
  n=6 m=5  4.04381 +-0.00031   [14/36]
  n=6 m=6  4.46259 +-0.00034   [15/36]
  n=6 m=7  4.77370 +-0.00039   [16/36]
  n=6 m=8  5.00421 +-0.00042   [17/36]
  n=6 m=9  5.17677 +-0.00047   [18/36]
  n=7 m=4  3.60567 +-0.00016   [19/36]
  n=7 m=5  4.24331 +-0.00021   [20/36]
  n=7 m=6  4.75609 +-0.00029   [21/36]
  n=7 m=7  5.15880 +-0.00031   [22/36]
  n=7 m=8  5.47149 +-0.00040   [23/36]
  n=7 m=9  5.71411 +-0.00043   [24/36]
  n=8 m=4  3.69304 +-0.00014   [25/36]
  n=8 m=5  4.40312 +-0.00023   [26/36]
  n=8 m=6  5.00264 +-0.00026   [27/36]
  n=8 m=7  5.49647 +-0.00034   [28/36]
  n=8 m=8  5.89661 +-0.00037   [29/36]
  n=8 m=9  6.21789 +-0.00040   [30/36]
  n=9 m=4  3.74967 +-0.00017   [31/36]
  n=9 m=5  4.50830 +-0.00022   [32/36]
  n=9 m=6  5.16856 +-0.00028   [33/36]
  n=9 m=7  5.73078 +-0.00028   [34/36]
  n=9 m=8  6.20166 +-0.00028   [35/36]
  n=9 m=9  6.59187 +-0.00034   [36/36]
wrote results/raw/table1b_dual_identical.csv and 36 JSON files
wrote results/table1.csv
wrote results/table1.tex

maximum half-width in panel (b): 0.00047
warm-up used: 20000 steps, 30 replications of 1330000 steps
pairwise differences in panel (b): 630 pairs, 0 not separated at 5%, 0 not separated under Bonferroni
closest pair: (6, 8) vs (8, 6), gap 0.00157, Bonferroni threshold 0.00096
