{
 "belts": 4,
 "feeders": 4,
 "dual": true,
 "spacing": 10,
 "turn": 12,
 "loop": 104,
 "steps": 1330000,
 "reps": 30,
 "seed": 20260901,
 "allocation_source": "results/certify",
 "sequence_labels": 98816,
 "sequence_share": [
  0.24944340997409326,
  0.25001011981865284,
  0.24996964054404144,
  0.25057682966321243
 ],
 "largest_gap": 0.0038849129999998233,
 "seconds": 136.5,
 "rows": [
  {
   "n": 4,
   "m": 4,
   "B": 0,
   "alloc": "0,0,0,0",
   "th_uniform": 3.02820594,
   "hw_uniform": 0.000245303,
   "th_order": 3.028093409,
   "hw_order": 0.000222328,
   "gap": 0.00011253100000008232,
   "loop": 104
  },
  {
   "n": 4,
   "m": 4,
   "B": 1,
   "alloc": "0,0,0,1",
   "th_uniform": 3.384282381,
   "hw_uniform": 0.000212791,
   "th_order": 3.383531855,
   "hw_order": 0.000208649,
   "gap": 0.000750525999999585,
   "loop": 104
  },
  {
   "n": 4,
   "m": 4,
   "B": 2,
   "alloc": "0,0,1,1",
   "th_uniform": 3.545733283,
   "hw_uniform": 0.000152017,
   "th_order": 3.545161805,
   "hw_order": 0.000119744,
   "gap": 0.0005714779999999031,
   "loop": 104
  },
  {
   "n": 4,
   "m": 4,
   "B": 3,
   "alloc": "0,0,1,2",
   "th_uniform": 3.651940927,
   "hw_uniform": 0.000211656,
   "th_order": 3.650668271,
   "hw_order": 0.00014986,
   "gap": 0.0012726560000002607,
   "loop": 104
  },
  {
   "n": 4,
   "m": 4,
   "B": 4,
   "alloc": "0,0,1,3",
   "th_uniform": 3.704549549,
   "hw_uniform": 0.000232275,
   "th_order": 3.703116591,
   "hw_order": 0.000147822,
   "gap": 0.0014329580000000952,
   "loop": 104
  },
  {
   "n": 4,
   "m": 4,
   "B": 5,
   "alloc": "0,1,1,3",
   "th_uniform": 3.749571905,
   "hw_uniform": 0.000288126,
   "th_order": 3.747942281,
   "hw_order": 0.000141634,
   "gap": 0.0016296239999999962,
   "loop": 104
  },
  {
   "n": 4,
   "m": 4,
   "B": 6,
   "alloc": "0,1,1,4",
   "th_uniform": 3.779805063,
   "hw_uniform": 0.000265779,
   "th_order": 3.777929123,
   "hw_order": 0.000108189,
   "gap": 0.0018759400000001314,
   "loop": 104
  },
  {
   "n": 4,
   "m": 4,
   "B": 7,
   "alloc": "0,1,1,5",
   "th_uniform": 3.7993299,
   "hw_uniform": 0.000322156,
   "th_order": 3.796806566,
   "hw_order": 9.0343e-05,
   "gap": 0.0025233340000001547,
   "loop": 104
  },
  {
   "n": 4,
   "m": 4,
   "B": 8,
   "alloc": "0,1,2,5",
   "th_uniform": 3.817727719,
   "hw_uniform": 0.00030705,
   "th_order": 3.814823584,
   "hw_order": 0.000122053,
   "gap": 0.0029041350000000854,
   "loop": 104
  },
  {
   "n": 4,
   "m": 4,
   "B": 9,
   "alloc": "0,1,2,6",
   "th_uniform": 3.830719624,
   "hw_uniform": 0.00035086,
   "th_order": 3.827381604,
   "hw_order": 0.000124926,
   "gap": 0.0033380199999997195,
   "loop": 104
  },
  {
   "n": 4,
   "m": 4,
   "B": 10,
   "alloc": "0,1,2,7",
   "th_uniform": 3.840191479,
   "hw_uniform": 0.000361978,
   "th_order": 3.836306566,
   "hw_order": 9.2026e-05,
   "gap": 0.0038849129999998233,
   "loop": 104
  }
 ]
}