reference: simulated, dual-drop, identical loop lengths [Table 1(b)]
  n=4 m=4  3.02785 +-0.00021   [1/36]
  n=4 m=5  3.31553 +-0.00025   [2/36]
  n=4 m=6  3.49515 +-0.00025   [3/36]
  n=4 m=7  3.61092 +-0.00024   [4/36]
  n=4 m=8  3.68899 +-0.00024   [5/36]
  n=4 m=9  3.74405 +-0.00031   [6/36]
  n=5 m=4  3.30058 +-0.00017   [7/36]
  n=5 m=5  3.72823 +-0.00023   [8/36]
  n=5 m=6  4.02522 +-0.00037   [9/36]
  n=5 m=7  4.23178 +-0.00041   [10/36]
  n=5 m=8  4.37813 +-0.00052   [11/36]
  n=5 m=9  4.48462 +-0.00050   [12/36]
  n=6 m=4  3.49127 +-0.00022   [13/36]
  n=6 m=5  4.04387 +-0.00035   [14/36]
  n=6 m=6  4.46275 +-0.00029   [15/36]
  n=6 m=7  4.77386 +-0.00026   [16/36]
  n=6 m=8  5.00446 +-0.00042   [17/36]
  n=6 m=9  5.17699 +-0.00049   [18/36]
  n=7 m=4  3.60572 +-0.00019   [19/36]
  n=7 m=5  4.24343 +-0.00022   [20/36]
  n=7 m=6  4.75615 +-0.00027   [21/36]
  n=7 m=7  5.15857 +-0.00042   [22/36]
  n=7 m=8  5.47110 +-0.00050   [23/36]
  n=7 m=9  5.71385 +-0.00052   [24/36]
  n=8 m=4  3.69314 +-0.00025   [25/36]
  n=8 m=5  4.40343 +-0.00027   [26/36]
  n=8 m=6  5.00309 +-0.00029   [27/36]
  n=8 m=7  5.49682 +-0.00034   [28/36]
  n=8 m=8  5.89705 +-0.00036   [29/36]
  n=8 m=9  6.21845 +-0.00036   [30/36]
  n=9 m=4  3.74956 +-0.00018   [31/36]
  n=9 m=5  4.50828 +-0.00019   [32/36]
  n=9 m=6  5.16868 +-0.00031   [33/36]
  n=9 m=7  5.73080 +-0.00033   [34/36]
  n=9 m=8  6.20172 +-0.00041   [35/36]
  n=9 m=9  6.59172 +-0.00040   [36/36]
panel (a): single-drop, staggered
  n=4 m=4  2.73259 +-0.00012   [1/36]
  n=4 m=5  3.04664 +-0.00020   [2/36]
  n=4 m=6  3.28121 +-0.00022   [3/36]
  n=4 m=7  3.45730 +-0.00022   [4/36]
  n=4 m=8  3.58881 +-0.00021   [5/36]
  n=4 m=9  3.68741 +-0.00023   [6/36]
  n=5 m=4  2.95086 +-0.00026   [7/36]
  n=5 m=5  3.35881 +-0.00028   [8/36]
  n=5 m=6  3.68431 +-0.00029   [9/36]
  n=5 m=7  3.94440 +-0.00032   [10/36]
  n=5 m=8  4.15216 +-0.00027   [11/36]
  n=5 m=9  4.31843 +-0.00021   [12/36]
  n=6 m=4  3.10589 +-0.00016   [13/36]
  n=6 m=5  3.58697 +-0.00022   [14/36]
  n=6 m=6  3.98727 +-0.00026   [15/36]
  n=6 m=7  4.32048 +-0.00034   [16/36]
  n=6 m=8  4.59768 +-0.00036   [17/36]
  n=6 m=9  4.82868 +-0.00036   [18/36]
  n=7 m=4  3.22123 +-0.00025   [19/36]
  n=7 m=5  3.76026 +-0.00017   [20/36]
  n=7 m=6  4.22166 +-0.00020   [21/36]
  n=7 m=7  4.61689 +-0.00032   [22/36]
  n=7 m=8  4.95505 +-0.00032   [23/36]
  n=7 m=9  5.24505 +-0.00030   [24/36]
  n=8 m=4  3.31022 +-0.00020   [25/36]
  n=8 m=5  3.89589 +-0.00025   [26/36]
  n=8 m=6  4.40793 +-0.00028   [27/36]
  n=8 m=7  4.85567 +-0.00028   [28/36]
  n=8 m=8  5.24715 +-0.00029   [29/36]
  n=8 m=9  5.58945 +-0.00033   [30/36]
  n=9 m=4  3.38127 +-0.00023   [31/36]
  n=9 m=5  4.00511 +-0.00026   [32/36]
  n=9 m=6  4.55922 +-0.00025   [33/36]
  n=9 m=7  5.05154 +-0.00022   [34/36]
  n=9 m=8  5.48887 +-0.00025   [35/36]
  n=9 m=9  5.87740 +-0.00029   [36/36]
panel (b): dual-drop, staggered, slots on the return run
  n=4 m=4  3.08239 +-0.00023   [1/36]
  n=4 m=5  3.41609 +-0.00030   [2/36]
  n=4 m=6  3.62593 +-0.00025   [3/36]
  n=4 m=7  3.75911 +-0.00032   [4/36]
  n=4 m=8  3.83904 +-0.00031   [5/36]
  n=4 m=9  3.88877 +-0.00032   [6/36]
  n=5 m=4  3.34351 +-0.00018   [7/36]
  n=5 m=5  3.82219 +-0.00025   [8/36]
  n=5 m=6  4.17173 +-0.00027   [9/36]
  n=5 m=7  4.42122 +-0.00029   [10/36]
  n=5 m=8  4.59366 +-0.00025   [11/36]
  n=5 m=9  4.71253 +-0.00032   [12/36]
  n=6 m=4  3.51292 +-0.00015   [13/36]
  n=6 m=5  4.10045 +-0.00026   [14/36]
  n=6 m=6  4.56282 +-0.00019   [15/36]
  n=6 m=7  4.92418 +-0.00025   [16/36]
  n=6 m=8  5.19812 +-0.00018   [17/36]
  n=6 m=9  5.40337 +-0.00020   [18/36]
  n=7 m=4  3.62370 +-0.00021   [19/36]
  n=7 m=5  4.29215 +-0.00025   [20/36]
  n=7 m=6  4.85070 +-0.00021   [21/36]
  n=7 m=7  5.30884 +-0.00018   [22/36]
  n=7 m=8  5.67709 +-0.00021   [23/36]
  n=7 m=9  5.97011 +-0.00023   [24/36]
  n=8 m=4  3.70208 +-0.00022   [25/36]
  n=8 m=5  4.43110 +-0.00021   [26/36]
  n=8 m=6  5.06041 +-0.00017   [27/36]
  n=8 m=7  5.59832 +-0.00019   [28/36]
  n=8 m=8  6.04977 +-0.00022   [29/36]
  n=8 m=9  6.42463 +-0.00023   [30/36]
  n=9 m=4  3.75789 +-0.00009   [31/36]
  n=9 m=5  4.53293 +-0.00024   [32/36]
  n=9 m=6  5.22229 +-0.00025   [33/36]
  n=9 m=7  5.82701 +-0.00020   [34/36]
  n=9 m=8  6.35000 +-0.00020   [35/36]
  n=9 m=9  6.79748 +-0.00027   [36/36]
panel (c): dual-drop, staggered, slots at the turnaround
  n=4 m=4  3.10501 +-0.00024   [1/36]
  n=4 m=5  3.44004 +-0.00023   [2/36]
  n=4 m=6  3.64596 +-0.00031   [3/36]
  n=4 m=7  3.77385 +-0.00032   [4/36]
  n=4 m=8  3.84928 +-0.00041   [5/36]
  n=4 m=9  3.89546 +-0.00040   [6/36]
  n=5 m=4  3.37044 +-0.00020   [7/36]
  n=5 m=5  3.85805 +-0.00024   [8/36]
  n=5 m=6  4.20892 +-0.00025   [9/36]
  n=5 m=7  4.45408 +-0.00032   [10/36]
  n=5 m=8  4.62024 +-0.00032   [11/36]
  n=5 m=9  4.73252 +-0.00030   [12/36]
  n=6 m=4  3.53954 +-0.00018   [13/36]
  n=6 m=5  4.14122 +-0.00018   [14/36]
  n=6 m=6  4.61090 +-0.00017   [15/36]
  n=6 m=7  4.97350 +-0.00011   [16/36]
  n=6 m=8  5.24368 +-0.00015   [17/36]
  n=6 m=9  5.44239 +-0.00019   [18/36]
  n=7 m=4  3.64919 +-0.00019   [19/36]
  n=7 m=5  4.33482 +-0.00022   [20/36]
  n=7 m=6  4.90639 +-0.00016   [21/36]
  n=7 m=7  5.37109 +-0.00018   [22/36]
  n=7 m=8  5.73990 +-0.00021   [23/36]
  n=7 m=9  6.02868 +-0.00022   [24/36]
  n=8 m=4  3.72497 +-0.00018   [25/36]
  n=8 m=5  4.47235 +-0.00028   [26/36]
  n=8 m=6  5.11801 +-0.00030   [27/36]
  n=8 m=7  5.66834 +-0.00030   [28/36]
  n=8 m=8  6.12599 +-0.00037   [29/36]
  n=8 m=9  6.50127 +-0.00046   [30/36]
  n=9 m=4  3.77878 +-0.00020   [31/36]
  n=9 m=5  4.57213 +-0.00027   [32/36]
  n=9 m=6  5.28022 +-0.00028   [33/36]
  n=9 m=7  5.90041 +-0.00028   [34/36]
  n=9 m=8  6.43383 +-0.00017   [35/36]
  n=9 m=9  6.88630 +-0.00027   [36/36]
wrote results/table2.tex

maximum half-width over panels (a) to (c): 0.00046
warm-up used: 20000 steps
cells where the turnaround placement does not beat the return run: []
cells where that advantage is not significant: []
